[dotenv@17.3.1] injecting env (3) from .env -- tip: ΓÜÖ∩╕Å  write to custom object with { processEnv: myObject }
Using EMAIL_USER: anshforworkhere@gmail.com
Using EMAIL_PASS: FOUND (hidden)
Email sent successfully!
Response: 250 2.0.0 OK  1774080657 98e67ed59e1d1-35bd262cb35sm2011562a91.1 - gsmtp
